
  .   ____          _            __ _ _
 /\\ / ___'_ __ _ _(_)_ __  __ _ \ \ \ \
( ( )\___ | '_ | '_| | '_ \/ _` | \ \ \ \
 \\/  ___)| |_)| | | | | || (_| |  ) ) ) )
  '  |____| .__|_| |_|_| |_\__, | / / / /
 =========|_|==============|___/=/_/_/_/

 :: Spring Boot ::                (v4.1.0)

2026-08-21T20:08:29.454+02:00  INFO 28364 --- [medical-imaging-backend] [           main] c.x.m.MedicalImagingBackendApplication   : Starting MedicalImagingBackendApplication using Java 25.0.1 with PID 28364 (C:\Users\Dell\OneDrive\Documents\medical-imaging-backend\medical-imaging-backend\target\classes started by Dell in C:\Users\Dell\OneDrive\Documents\medical-imaging-backend\medical-imaging-backend)
2026-08-21T20:08:29.458+02:00  INFO 28364 --- [medical-imaging-backend] [           main] c.x.m.MedicalImagingBackendApplication   : No active profile set, falling back to 1 default profile: "default"
2026-08-21T20:08:30.380+02:00  INFO 28364 --- [medical-imaging-backend] [           main] .s.d.r.c.RepositoryConfigurationDelegate : Bootstrapping Spring Data JPA repositories in DEFAULT mode.
2026-08-21T20:08:30.458+02:00  INFO 28364 --- [medical-imaging-backend] [           main] .s.d.r.c.RepositoryConfigurationDelegate : Finished Spring Data repository scanning in 66 ms. Found 1 JPA repository interface.
2026-08-21T20:08:31.108+02:00  INFO 28364 --- [medical-imaging-backend] [           main] o.s.boot.tomcat.TomcatWebServer          : Tomcat initialized with port 8080 (http)
2026-08-21T20:08:31.125+02:00  INFO 28364 --- [medical-imaging-backend] [           main] o.apache.catalina.core.StandardService   : Starting service [Tomcat]
2026-08-21T20:08:31.126+02:00  INFO 28364 --- [medical-imaging-backend] [           main] o.apache.catalina.core.StandardEngine    : Starting Servlet engine: [Apache Tomcat/11.0.22]
2026-08-21T20:08:31.217+02:00  INFO 28364 --- [medical-imaging-backend] [           main] b.w.c.s.WebApplicationContextInitializer : Root WebApplicationContext: initialization completed in 1687 ms
2026-08-21T20:08:31.560+02:00  INFO 28364 --- [medical-imaging-backend] [           main] com.zaxxer.hikari.HikariDataSource       : HikariPool-1 - Starting...
2026-08-21T20:08:31.796+02:00  INFO 28364 --- [medical-imaging-backend] [           main] com.zaxxer.hikari.pool.HikariPool        : HikariPool-1 - Added connection org.postgresql.jdbc.PgConnection@2afdf6b7
2026-08-21T20:08:31.796+02:00  INFO 28364 --- [medical-imaging-backend] [           main] com.zaxxer.hikari.HikariDataSource       : HikariPool-1 - Start completed.
2026-08-21T20:08:31.831+02:00  INFO 28364 --- [medical-imaging-backend] [           main] org.flywaydb.core.FlywayExecutor         : Database: jdbc:postgresql://localhost:5432/medimg (PostgreSQL 16.15)
2026-08-21T20:08:31.921+02:00  INFO 28364 --- [medical-imaging-backend] [           main] o.f.c.i.s.JdbcTableSchemaHistory         : Schema history table "public"."flyway_schema_history" does not exist yet
2026-08-21T20:08:31.926+02:00  INFO 28364 --- [medical-imaging-backend] [           main] o.f.core.internal.command.DbValidate     : Successfully validated 5 migrations (execution time 00:00.027s)
2026-08-21T20:08:31.956+02:00  INFO 28364 --- [medical-imaging-backend] [           main] o.f.c.i.s.JdbcTableSchemaHistory         : Creating Schema History table "public"."flyway_schema_history" ...
2026-08-21T20:08:32.055+02:00  INFO 28364 --- [medical-imaging-backend] [           main] o.f.core.internal.command.DbMigrate      : Current version of schema "public": << Empty Schema >>
2026-08-21T20:08:32.070+02:00  INFO 28364 --- [medical-imaging-backend] [           main] o.f.core.internal.command.DbMigrate      : Migrating schema "public" to version "1 - create utilisateur"
2026-08-21T20:08:32.134+02:00  INFO 28364 --- [medical-imaging-backend] [           main] o.f.core.internal.command.DbMigrate      : Migrating schema "public" to version "2 - create patient"
2026-08-21T20:08:32.185+02:00  INFO 28364 --- [medical-imaging-backend] [           main] o.f.core.internal.command.DbMigrate      : Migrating schema "public" to version "3 - create examen"
2026-08-21T20:08:32.235+02:00  INFO 28364 --- [medical-imaging-backend] [           main] o.f.core.internal.command.DbMigrate      : Migrating schema "public" to version "4 - create image"
2026-08-21T20:08:32.282+02:00  INFO 28364 --- [medical-imaging-backend] [           main] o.f.core.internal.command.DbMigrate      : Migrating schema "public" to version "5 - create audit log"
2026-08-21T20:08:32.325+02:00  INFO 28364 --- [medical-imaging-backend] [           main] o.f.core.internal.command.DbMigrate      : Successfully applied 5 migrations to schema "public", now at version v5 (execution time 00:00.131s)
2026-08-21T20:08:32.460+02:00  INFO 28364 --- [medical-imaging-backend] [           main] org.hibernate.orm.jpa                    : HHH008540: Processing PersistenceUnitInfo [name: default]
2026-08-21T20:08:32.544+02:00  INFO 28364 --- [medical-imaging-backend] [           main] org.hibernate.orm.core                   : HHH000001: Hibernate ORM core version 7.4.1.Final
2026-08-21T20:08:33.094+02:00  INFO 28364 --- [medical-imaging-backend] [           main] o.s.o.j.p.SpringPersistenceUnitInfo      : No LoadTimeWeaver setup: ignoring JPA class transformer
2026-08-21T20:08:33.225+02:00  INFO 28364 --- [medical-imaging-backend] [           main] org.hibernate.orm.connections.pooling    : HHH10001005: Database info:
	Database JDBC URL [jdbc:postgresql://localhost:5432/medimg]
	Database driver: PostgreSQL JDBC Driver
	Database dialect: PostgreSQLDialect
	Database version: 16.15
	Default catalog/schema: medimg/public
	Autocommit mode: undefined/unknown
	Isolation level: READ_COMMITTED [default READ_COMMITTED]
	JDBC fetch size: none
	Pool: DataSourceConnectionProvider
	Minimum pool size: undefined/unknown
	Maximum pool size: undefined/unknown
2026-08-21T20:08:35.269+02:00  INFO 28364 --- [medical-imaging-backend] [           main] org.hibernate.orm.core                   : HHH000489: No JTA platform available (set 'hibernate.transaction.jta.platform' to enable JTA platform integration)
2026-08-21T20:08:35.358+02:00  INFO 28364 --- [medical-imaging-backend] [           main] j.LocalContainerEntityManagerFactoryBean : Initialized JPA EntityManagerFactory for persistence unit 'default'
2026-08-21T20:08:35.485+02:00  INFO 28364 --- [medical-imaging-backend] [           main] o.s.d.j.r.query.QueryEnhancerFactories   : Hibernate is in classpath; If applicable, HQL parser will be used.
2026-08-21T20:08:35.908+02:00  WARN 28364 --- [medical-imaging-backend] [           main] JpaBaseConfiguration$JpaWebConfiguration : spring.jpa.open-in-view is enabled by default. Therefore, database queries may be performed during view rendering. Explicitly configure spring.jpa.open-in-view to disable this warning
2026-08-21T20:08:36.802+02:00  INFO 28364 --- [medical-imaging-backend] [           main] o.s.boot.tomcat.TomcatWebServer          : Tomcat started on port 8080 (http) with context path '/'
2026-08-21T20:08:36.813+02:00  INFO 28364 --- [medical-imaging-backend] [           main] c.x.m.MedicalImagingBackendApplication   : Started MedicalImagingBackendApplication in 7.846 seconds (process running for 8.321)
Hibernate: 
    select
        u1_0.id,
        u1_0.created_at,
        u1_0.email,
        u1_0.mot_de_passe_hash,
        u1_0.role 
    from
        utilisateur u1_0 
    where
        u1_0.email=?
Hibernate: 
    insert 
    into
        utilisateur
        (created_at, email, mot_de_passe_hash, role) 
    values
        (?, ?, ?, ?)
2026-08-21T20:16:51.392+02:00  INFO 28364 --- [medical-imaging-backend] [nio-8080-exec-1] o.a.c.c.C.[Tomcat].[localhost].[/]       : Initializing Spring DispatcherServlet 'dispatcherServlet'
2026-08-21T20:16:51.392+02:00  INFO 28364 --- [medical-imaging-backend] [nio-8080-exec-1] o.s.web.servlet.DispatcherServlet        : Initializing Servlet 'dispatcherServlet'
2026-08-21T20:16:51.394+02:00  INFO 28364 --- [medical-imaging-backend] [nio-8080-exec-1] o.s.web.servlet.DispatcherServlet        : Completed initialization in 2 ms
Hibernate: 
    select
        u1_0.id,
        u1_0.created_at,
        u1_0.email,
        u1_0.mot_de_passe_hash,
        u1_0.role 
    from
        utilisateur u1_0 
    where
        u1_0.email=?
Hibernate: 
    select
        u1_0.id,
        u1_0.created_at,
        u1_0.email,
        u1_0.mot_de_passe_hash,
        u1_0.role 
    from
        utilisateur u1_0 
    where
        u1_0.email=?
Hibernate: 
    select
        u1_0.id,
        u1_0.created_at,
        u1_0.email,
        u1_0.mot_de_passe_hash,
        u1_0.role 
    from
        utilisateur u1_0 
    where
        u1_0.email=?
Hibernate: 
    select
        u1_0.id,
        u1_0.created_at,
        u1_0.email,
        u1_0.mot_de_passe_hash,
        u1_0.role 
    from
        utilisateur u1_0 
    where
        u1_0.email=?
Hibernate: 
    select
        u1_0.id,
        u1_0.created_at,
        u1_0.email,
        u1_0.mot_de_passe_hash,
        u1_0.role 
    from
        utilisateur u1_0 
    where
        u1_0.email=?
Hibernate: 
    select
        u1_0.id,
        u1_0.created_at,
        u1_0.email,
        u1_0.mot_de_passe_hash,
        u1_0.role 
    from
        utilisateur u1_0 
    where
        u1_0.email=?
Hibernate: 
    select
        u1_0.id,
        u1_0.created_at,
        u1_0.email,
        u1_0.mot_de_passe_hash,
        u1_0.role 
    from
        utilisateur u1_0 
    where
        u1_0.email=?
2026-08-21T20:42:20.359+02:00  WARN 28364 --- [medical-imaging-backend] [l-1:housekeeper] com.zaxxer.hikari.pool.HikariPool        : HikariPool-1 - Thread starvation or clock leap detected (housekeeper delta=16m18s200ms209µs800ns).
2026-08-22T20:00:33.797+02:00  WARN 28364 --- [medical-imaging-backend] [l-1:housekeeper] com.zaxxer.hikari.pool.HikariPool        : HikariPool-1 - Thread starvation or clock leap detected (housekeeper delta=23h18m17s696ms259µs500ns).
2026-08-22T20:47:49.833+02:00  WARN 28364 --- [medical-imaging-backend] [l-1:housekeeper] com.zaxxer.hikari.pool.HikariPool        : HikariPool-1 - Thread starvation or clock leap detected (housekeeper delta=45s279ms366µs300ns).
2026-08-23T00:55:42.882+02:00  WARN 28364 --- [medical-imaging-backend] [l-1:housekeeper] com.zaxxer.hikari.pool.HikariPool        : HikariPool-1 - Thread starvation or clock leap detected (housekeeper delta=4h7m57s812ms2µs900ns).
2026-08-23T03:28:40.500+02:00  WARN 28364 --- [medical-imaging-backend] [l-1:housekeeper] com.zaxxer.hikari.pool.HikariPool        : HikariPool-1 - Thread starvation or clock leap detected (housekeeper delta=2h26s813ms822µs700ns).
2026-08-23T15:01:48.453+02:00  WARN 28364 --- [medical-imaging-backend] [l-1:housekeeper] com.zaxxer.hikari.pool.HikariPool        : HikariPool-1 - Thread starvation or clock leap detected (housekeeper delta=11h33m12s92ms640µs800ns).
